cycles1 = { 3 -> 2 } (cycles to no cycles)
cycles2 = { 7 -> 5, 3 -> 1 } (cycles to no cycles)
cycles3 = { 4 -> 2, 3 -> 1 } (cycles to no cycles)
